              ┌──────────────┐
              │    Animal    │
              ├──────────────┤
              │ +int age     │
              ├──────────────┤
              │ +makeSound() │
              └───────◇──────┘
         ┌────────────┴─┬─────────┐
         │              │         │
 ┌───────────────┐      │         │
 │      Dog      │      │         │
 ├───────────────┤   ┌─────┐  ┌──────┐
 │ +String breed │   │ Leg │  │ Tail │
 ├───────────────┤   └─────┘  └──────┘
 │ +fetch()      │
 └───────┬───────┘
         ╎
         ▼
     ┌──────┐
     │ Bone │
     └──────┘
