┌───────┐    ┌─────┐
│ Alice │    │ Bob │
└───┬───┘    └──┬──┘
    │           │
    │ Hello Bob │
    ├──────────▶│
    │           │
    │ Hi Alice  │
    │◄╌╌╌╌╌╌╌╌╌╌┤
    │           │
    ├──╮        │
    │  │ think  │
    │◄─╯        │
    │           │
┌───┴───┐    ┌──┴──┐
│ Alice │    │ Bob │
└───────┘    └─────┘
