┌───────┐  ┌─────┐
│ Alice │  │ Bob │
└───┬───┘  └──┬──┘
    │         │
  ┌─────────────┐
  │  Handshake  │
  └─────────────┘
    │         │
    │ 1. Syn  │
    ├────────▶│
    │         │
    │ 2. Ack  │
    │◄╌╌╌╌╌╌╌╌┤
    │         │
── loop retries ─────────
    │         │
    │ 3. Data │
    ├────────▶│
    │         │
── end ──────────────────
    │         │
    │         │ ┌──────┐
    │         │ │ done │
    │         │ └──────┘
    │         │
┌───┴───┐  ┌──┴──┐
│ Alice │  │ Bob │
└───────┘  └─────┘
